// Jest Snapshot v1, https://goo.gl/fbAQLP

exports[`Number component render number 0 1`] = `"NaN"`;

exports[`renders a snapshot 1`] = `
<div
  className="container"
  onKeyDown={[Function]}
  tabIndex="0"
>
  <div
    className="calculatorContainer"
  >
    <div
      className="grid-item result"
    >
      0
    </div>
    <div
      className="grid-item clear-calculator"
      onClick={[Function]}
    >
      clear
    </div>
    <div
      className="grid-item"
    >
      <div
        className="number"
        onClick={[Function]}
      >
        1
      </div>
    </div>
    <div
      className="grid-item"
    >
      <div
        className="number"
        onClick={[Function]}
      >
        2
      </div>
    </div>
    <div
      className="grid-item"
    >
      <div
        className="number"
        onClick={[Function]}
      >
        3
      </div>
    </div>
    <div
      className="grid-item"
    >
      <div
        className="number"
        onClick={[Function]}
      >
        4
      </div>
    </div>
    <div
      className="grid-item"
    >
      <div
        className="number"
        onClick={[Function]}
      >
        5
      </div>
    </div>
    <div
      className="grid-item"
    >
      <div
        className="number"
        onClick={[Function]}
      >
        6
      </div>
    </div>
    <div
      className="grid-item"
    >
      <div
        className="number"
        onClick={[Function]}
      >
        7
      </div>
    </div>
    <div
      className="grid-item"
    >
      <div
        className="number"
        onClick={[Function]}
      >
        8
      </div>
    </div>
    <div
      className="grid-item"
    >
      <div
        className="number"
        onClick={[Function]}
      >
        9
      </div>
    </div>
    <div
      className="operators"
    >
      <div
        className="grid-item"
      >
        :
      </div>
      <div
        className="grid-item"
      >
        -
      </div>
      <div
        className="grid-item"
      >
        +
      </div>
      <div
        className="grid-item"
      >
        =
      </div>
    </div>
  </div>
</div>
`;
